Fatal error: exception Failure("Unexpected character found: h")
