Fatal error: exception Failure("Unexpected end of token stream")
